REQ POST https://metamask-sdk.api.cx.metamask.io/evt body={"id":"sdk","event":"sdk_use_extension","sdkVersion":"0.33.1","url":"https://app-staging.temporal.exchange","title":"wagmi","dappId":"app-staging.temporal.exchange","platform":"web-desktop","source":"wagmi","anonId":""}
REQ POST https://api.hyperliquid.xyz/info body={"type":"candleSnapshot","req":{"coin":"BTC","interval":"1d","startTime":1697282243491,"endTime":1783682243491}}
REQ POST https://arb1.arbitrum.io/rpc body={"jsonrpc":"2.0","id":0,"method":"eth_blockNumber"}
REQ POST https://app-staging.temporal.exchange/ body=[]
REQ POST https://app-staging.temporal.exchange/ body=[]
RESP 200 https://app-staging.temporal.exchange/ body=0:{"a":"$@1","f":"","q":"","i":false,"b":"QqfdfqfY2QLPxdVO4cpaa"}
1:true

REQ POST https://app-staging.temporal.exchange/ body=[]
RESP 200 https://app-staging.temporal.exchange/ body=0:{"a":"$@1","f":"","q":"","i":false,"b":"QqfdfqfY2QLPxdVO4cpaa"}
1:true

REQ POST https://app-staging.temporal.exchange/ body=[]
RESP 200 https://app-staging.temporal.exchange/ body=0:{"a":"$@1","f":"","q":"","i":false,"b":"QqfdfqfY2QLPxdVO4cpaa"}
1:{"success":true,"data":{"fee_btc":0,"fee_dollar":0,"lp_leverage":3,"margin_btc":0.003076923076923077,"margin_dollar":200,"net_residual_value_btc":0,"net_residual_value_dollar":0,"notional_deposit_btc":0.009512,"notional_deposit_dollar":600,"notional_nav_btc":0.009512,"notional_nav_dollar":600,"pnl_btc":0,"pnl_dollar":0,"price_effect_btc":0,"price_effect_dollar":0}}

REQ POST https://app-staging.temporal.exchange/ body=["0xc5a9a6570e8b8b584eedaa614f33259911e9ad34"]
RESP 200 https://app-staging.temporal.exchange/ body=0:{"a":"$@1","f":"","q":"","i":false,"b":"QqfdfqfY2QLPxdVO4cpaa"}
1:true

RESP 200 https://metamask-sdk.api.cx.metamask.io/evt body={"success":true}
REQ POST https://app-staging.temporal.exchange/ body=["0xc5A9a6570e8B8B584EEdaa614F33259911E9Ad34"]
RESP 200 https://app-staging.temporal.exchange/ body=0:{"a":"$@1","f":"","q":"","i":false,"b":"QqfdfqfY2QLPxdVO4cpaa"}
1:null

RESP 200 https://api.hyperliquid.xyz/info body=[{"t":1697241600000,"T":1697327999999,"s":"BTC","i":"1d","o":"26861.0","c":"26850.0","h":"26980.0","l":"26782.0","v":"50.50582","n":2233},{"t":1697328000000,"T":1697414399999,"s":"BTC","i":"1d","o":"26853.0","c":"27163.0","h":"27297.0","l":"26798.0","v":"60.82306","n":2361},{"t":1697414400000,"T":1697500799999,"s":"BTC","i":"1d","o":"27154.0","c":"28503.0","h":"30647.0","l":"27111.0","v":"388.71681","n":4015},{"t":1697500800000,"T":1697587199999,"s":"BTC","i":"1d","o":"28504.0","c":"28403.0","h"
RESP 200 https://app-staging.temporal.exchange/ body=