REQ POST https://mm-sdk-analytics.api.cx.metamask.io/v1/events body=[{"name":"sdk_initialized","sdk_version":"0.33.1","dapp_id":"app-staging.temporal.exchange","anon_id":"c87264a0-71f6-4cde-a8e0-14cb0b85c072","platform":"web-desktop","integration_type":"wagmi"},{"name":"sdk_initialized","sdk_version":"0.33.1","dapp_id":"app-staging.temporal.exchange","anon_id":"c87264a0-71f6-4cde-a8e0-14cb0b85c072","platform":"web-desktop","integration_type":"wagmi"},{"name":"sdk_initialized","sdk_version":"0.33.1","dapp_id":"app-staging.temporal.exchange","anon_id":"c87264a0-71f6-4cde-a8e0-14cb0b85c072","platform":"web-desktop","integration_type":"wagmi"},{"name":"sdk_initialized","sdk_version":"0.33.1","dapp_id":"app-staging.temporal.exchange","anon_id":"c87264a0-71f6-4cde-a8e0-14cb0b85c072","platform":"web-desktop","integration_type":"wagmi"},{"name":"sdk_initialized","sdk_version":"0.33.1","dapp_id":"app-staging.temporal.exchange","anon_id":"c87264a0-71f6-4cde-a8e0-1
REQ POST https://api.hyperliquid.xyz/info body={"type":"candleSnapshot","req":{"coin":"BTC","interval":"1d","startTime":1697284894586,"endTime":1783684894586}}
REQ POST https://arb1.arbitrum.io/rpc body={"jsonrpc":"2.0","id":0,"method":"eth_blockNumber"}
REQ POST https://app-staging.temporal.exchange/ body=[]
REQ POST https://app-staging.temporal.exchange/ body=[]
RESP 200 https://app-staging.temporal.exchange/ body=0:{"a":"$@1","f":"","q":"","i":false,"b":"QqfdfqfY2QLPxdVO4cpaa"}
1:true

REQ POST https://app-staging.temporal.exchange/ body=[]
RESP 200 https://app-staging.temporal.exchange/ body=0:{"a":"$@1","f":"","q":"","i":false,"b":"QqfdfqfY2QLPxdVO4cpaa"}
1:true

REQ POST https://app-staging.temporal.exchange/ body=[]
RESP 200 https://app-staging.temporal.exchange/ body=
REQ POST https://app-staging.temporal.exchange/ body=["0xc5a9a6570e8b8b584eedaa614f33259911e9ad34"]
RESP 200 https://mm-sdk-analytics.api.cx.metamask.io/v1/events body={"message":"ok"}
RESP 200 https://app-staging.temporal.exchange/ body=0:{"a":"$@1","f":"","q":"","i":false,"b":"QqfdfqfY2QLPxdVO4cpaa"}
1:true

REQ POST https://mm-sdk-analytics.api.cx.metamask.io/v1/events body=[{"name":"sdk_initialized","sdk_version":"0.33.1","dapp_id":"app-staging.temporal.exchange","anon_id":"c87264a0-71f6-4cde-a8e0-14cb0b85c072","platform":"web-desktop","integration_type":"wagmi"},{"name":"sdk_initialized","sdk_version":"0.33.1","dapp_id":"app-staging.temporal.exchange","anon_id":"c87264a0-71f6-4cde-a8e0-14cb0b85c072","platform":"web-desktop","integration_type":"wagmi"},{"name":"sdk_initialized","sdk_version":"0.33.1","dapp_id":"app-staging.temporal.exchange","anon_id":"c87264a0-71f6-4cde-a8e0-14cb0b85c072","platform":"web-desktop","integration_type":"wagmi"},{"name":"sdk_initialized","sdk_version":"0.33.1","dapp_id":"app-staging.temporal.exchange","anon_id":"c87264a0-71f6-4cde-a8e0-14cb0b85c072","platform":"web-desktop","integration_type":"wagmi"},{"name":"sdk_initialized","sdk_version":"0.33.1","dapp_id":"app-staging.temporal.exchange","anon_id":"c87264a0-71f6-4cde-a8e0-1
REQ POST https://app-staging.temporal.exchange/ body=["0xc5A9a6570e8B8B584EEdaa614F33259911E9Ad34"]
RESP 200 https://app-staging.temporal.exchange/ body=
RESP 200 https://mm-sdk-analytics.api.cx.metamask.io/v1/events body={"message":"ok"}
REQ POST https://mm-sdk-analytics.api.cx.metamask.io/v1/events body=[{"name":"sdk_initialized","sdk_version":"0.33.1","dapp_id":"app-staging.temporal.exchange","anon_id":"c87264a0-71f6-4cde-a8e0-14cb0b85c072","platform":"web-desktop","integration_type":"wagmi"},{"name":"sdk_initialized","sdk_version":"0.33.1","dapp_id":"app-staging.temporal.exchange","anon_id":"c87264a0-71f6-4cde-a8e0-14cb0b85c072","platform":"web-desktop","integration_type":"wagmi"},{"name":"sdk_initialized","sdk_version":"0.33.1","dapp_id":"app-staging.temporal.exchange","anon_id":"c87264a0-71f6-4cde-a8e0-14cb0b85c072","platform":"web-desktop","integration_type":"wagmi"},{"name":"sdk_initialized","sdk_version":"0.33.1","dapp_id":"app-staging.temporal.exchange","anon_id":"c87264a0-71f6-4cde-a8e0-14cb0b85c072","platform":"web-desktop","integration_type":"wagmi"},{"name":"sdk_initialized","sdk_version":"0.33.1","dapp_id":"app-staging.temporal.exchange","anon_id":"c87264a0-71f6-4cde-a8e0-1
RESP 200 https://api.hyperliquid.xyz/info body=[{"t":1697241600000,"T":1697327999999,"s":"BTC","i":"1d","o":"26861.0","c":"26850.0","h":"26980.0","l":"26782.0","v":"50.50582","n":2233},{"t":1697328000000,"T":1697414399999,"s":"BTC","i":"1d","o":"26853.0","c":"27163.0","h":"27297.0","l":"26798.0","v":"60.82306","n":2361},{"t":1697414400000,"T":1697500799999,"s":"BTC","i":"1d","o":"27154.0","c":"28503.0","h":"30647.0","l":"27111.0","v":"388.71681","n":4015},{"t":1697500800000,"T":1697587199999,"s":"BTC","i":"1d","o":"28504.0","c":"28403.0","h":"28612.0","l":"28079.0","v":"81.60084","n":2286},{"t":1697587200000,"T":1697673599999,"s":"BTC","i"
RESP 200 https://mm-sdk-analytics.api.cx.metamask.io/v1/events body={"message":"ok"}
RESP 200 https://app-staging.temporal.exchange/ body=0:{"a":"$@1","f":"","q":"","i":false,"b":"QqfdfqfY2QLPxdVO4cpaa"}
1:{"long":0,"short":0}

REQ POST https://arb1.arbitrum.io/rpc body={"jsonrpc":"2.0","id":51,"method":"eth_blockNumber"}
REQ POST https://arb1.arbitrum.io/rpc body={"jsonrpc":"2.0","id":52,"method":"eth_call","params":[{"to":"0xca11bde05977b3631167028862be2a173976ca11","data":"0x82ad56cb000000000000000000000000000000000000000000000000000000000000002000000000000000000000000000000000000000000000000000000000000000010000000000000000000000000000000000000000000000000000000000000020000000000000000000000000af88d065e77c8cc2239327c5edb3a432268e583100000000000000000000000000000000000000000000000000000000000000010000000000000000000000000000000000000000000000000000000000000060000000000000000000000000000000000000000000000000000000000000002470a08231000000000000000000000000c5a9a6570e8b8b584eedaa614f33259911e9ad3400000000000000000000000000000000000000000000000000000000"},"latest"]}
REQ POST https://arb1.arbitrum.io/rpc body={"jsonrpc":"2.0","id":54,"method":"eth_blockNumber"}
REQ POST https://arb1.arbitrum.io/rpc body={"jsonrpc":"2.0","id":56,"method":"eth_blockNumber"}
REQ POST https://arb1.arbitrum.io/rpc body={"jsonrpc":"2.0","id":57,"method":"eth_blockNumber"}
REQ POST https://arb1.arbitrum.io/rpc body={"jsonrpc":"2.0","id":58,"method":"eth_blockNumber"}
REQ POST https://arb1.arbitrum.io/rpc body={"jsonrpc":"2.0","id":59,"method":"eth_blockNumber"}
REQ POST https://arb1.arbitrum.io/rpc body={"jsonrpc":"2.0","id":60,"method":"eth_blockNumber"}
REQ POST https://arb1.arbitrum.io/rpc body={"jsonrpc":"2.0","id":61,"method":"eth_blockNumber"}
REQ POST https://arb1.arbitrum.io/rpc body={"jsonrpc":"2.0","id":62,"method":"eth_blockNumber"}
REQ POST https://arb1.arbitrum.io/rpc body={"jsonrpc":"2.0","id":63,"method":"eth_blockNumber"}
REQ POST https://arb1.arbitrum.io/rpc body={"jsonrpc":"2.0","id":64,"method":"eth_blockNumber"}
REQ POST https://arb1.arbitrum.io/rpc body={"jsonrpc":"2.0","id":65,"method":"eth_blockNumber"}
REQ POST https://arb1.arbitrum.io/rpc body={"jsonrpc":"2.0","id":66,"method":"eth_blockNumber"}
REQ POST https://arb1.arbitrum.io/rpc body={"jsonrpc":"2.0","id":67,"method":"eth_blockNumber"}
REQ POST https://arb1.arbitrum.io/rpc body={"jsonrpc":"2.0","id":68,"method":"eth_blockNumber"}
REQ POST https://arb1.arbitrum.io/rpc body={"jsonrpc":"2.0","id":69,"method":"eth_blockNumber"}
REQ POST https://arb1.arbitrum.io/rpc body={"jsonrpc":"2.0","id":70,"method":"eth_blockNumber"}
REQ POST https://arb1.arbitrum.io/rpc body={"jsonrpc":"2.0","id":71,"method":"eth_blockNumber"}
REQ POST https://arb1.arbitrum.io/rpc body={"jsonrpc":"2.0","id":72,"method":"eth_blockNumber"}
REQ POST https://arb1.arbitrum.io/rpc body={"jsonrpc":"2.0","id":73,"method":"eth_blockNumber"}
REQ POST https://arb1.arbitrum.io/rpc body={"jsonrpc":"2.0","id":74,"method":"eth_blockNumber"}
REQ POST https://arb1.arbitrum.io/rpc body={"jsonrpc":"2.0","id":75,"method":"eth_blockNumber"}
REQ POST https://arb1.arbitrum.io/rpc body={"jsonrpc":"2.0","id":76,"method":"eth_blockNumber"}
REQ POST https://arb1.arbitrum.io/rpc body={"jsonrpc":"2.0","id":77,"method":"eth_blockNumber"}
REQ POST https://arb1.arbitrum.io/rpc body={"jsonrpc":"2.0","id":78,"method":"eth_blockNumber"}
REQ POST https://arb1.arbitrum.io/rpc body={"jsonrpc":"2.0","id":79,"method":"eth_blockNumber"}
REQ POST https://arb1.arbitrum.io/rpc body={"jsonrpc":"2.0","id":80,"method":"eth_blockNumber"}
REQ POST https://arb1.arbitrum.io/rpc body={"jsonrpc":"2.0","id":81,"method":"eth_blockNumber"}
REQ POST https://arb1.arbitrum.io/rpc body={"jsonrpc":"2.0","id":82,"method":"eth_blockNumber"}
REQ POST https://arb1.arbitrum.io/rpc body={"jsonrpc":"2.0","id":83,"method":"eth_blockNumber"}
REQ POST https://arb1.arbitrum.io/rpc body={"jsonrpc":"2.0","id":84,"method":"eth_blockNumber"}
REQ POST https://arb1.arbitrum.io/rpc body={"jsonrpc":"2.0","id":85,"method":"eth_blockNumber"}
REQ POST https://arb1.arbitrum.io/rpc body={"jsonrpc":"2.0","id":86,"method":"eth_blockNumber"}
REQ POST https://arb1.arbitrum.io/rpc body={"jsonrpc":"2.0","id":87,"method":"eth_blockNumber"}
REQ POST https://arb1.arbitrum.io/rpc body={"jsonrpc":"2.0","id":88,"method":"eth_blockNumber"}
REQ POST https://arb1.arbitrum.io/rpc body={"jsonrpc":"2.0","id":89,"method":"eth_blockNumber"}
REQ POST https://arb1.arbitrum.io/rpc body={"jsonrpc":"2.0","id":90,"method":"eth_blockNumber"}
REQ POST https://arb1.arbitrum.io/rpc body={"jsonrpc":"2.0","id":91,"method":"eth_blockNumber"}
REQ POST https://arb1.arbitrum.io/rpc body={"jsonrpc":"2.0","id":92,"method":"eth_blockNumber"}
REQ POST https://arb1.arbitrum.io/rpc body={"jsonrpc":"2.0","id":93,"method":"eth_blockNumber"}
REQ POST https://arb1.arbitrum.io/rpc body={"jsonrpc":"2.0","id":94,"method":"eth_blockNumber"}
REQ POST https://arb1.arbitrum.io/rpc body={"jsonrpc":"2.0","id":95,"method":"eth_blockNumber"}
REQ POST https://arb1.arbitrum.io/rpc body={"jsonrpc":"2.0","id":96,"method":"eth_blockNumber"}
REQ POST https://app-staging.temporal.exchange/ body=[{"token":"BTC","perpType":"LONG","market":"BTC-PERP","usdcAmount":500.225,"leverage":10,"markPrice":64435.5,"btcAmount":0.077597,"autoProtect":true,"userWallet":"0xc5A9a6570e8B8B584EEdaa614F33259911E9Ad34","wallet_type":"temporal"}]
REQ POST https://arb1.arbitrum.io/rpc body={"jsonrpc":"2.0","id":97,"method":"eth_blockNumber"}
REQ POST https://arb1.arbitrum.io/rpc body={"jsonrpc":"2.0","id":98,"method":"eth_call","params":[{"to":"0xca11bde05977b3631167028862be2a173976ca11","data":"0x82ad56cb0000000000000000000000000000000000000000000000000000000000000020000000000000000000000000000000000000000000000000000000000000000200000000000000000000000000000000000000000000000000000000000000400000000000000000000000000000000000000000000000000000000000000100000000000000000000000000af88d065e77c8cc2239327c5edb3a432268e583100000000000000000000000000000000000000000000000000000000000000010000000000000000000000000000000000000000000000000000000000000060000000000000000000000000000000000000000000000000000000000000002470a08231000000000000000000000000c5a9a6570e8b8b584eedaa614f33259911e9ad3400000000000000000000000000000000000000000000000000000000000000000000000000000000af88d065e77c8cc2239327c5edb3a432268e5831000000000000000000000000000000000000000000000000000000000000000100000000
REQ POST https://arb1.arbitrum.io/rpc body={"jsonrpc":"2.0","id":99,"method":"eth_blockNumber"}
REQ POST https://arb1.arbitrum.io/rpc body={"jsonrpc":"2.0","id":100,"method":"eth_blockNumber"}
REQ POST https://arb1.arbitrum.io/rpc body={"jsonrpc":"2.0","id":101,"method":"eth_blockNumber"}
REQ POST https://arb1.arbitrum.io/rpc body={"jsonrpc":"2.0","id":102,"method":"eth_blockNumber"}
REQ POST https://arb1.arbitrum.io/rpc body={"jsonrpc":"2.0","id":103,"method":"eth_blockNumber"}
REQ POST https://arb1.arbitrum.io/rpc body={"jsonrpc":"2.0","id":104,"method":"eth_blockNumber"}
REQ POST https://arb1.arbitrum.io/rpc body={"jsonrpc":"2.0","id":105,"method":"eth_blockNumber"}
REQ POST https://arb1.arbitrum.io/rpc body={"jsonrpc":"2.0","id":106,"method":"eth_blockNumber"}
REQ POST https://arb1.arbitrum.io/rpc body={"jsonrpc":"2.0","id":107,"method":"eth_blockNumber"}
RESP 200 https://app-staging.temporal.exchange/ body=0:{"a":"$@1","f":"","q":"","i":false,"b":"QqfdfqfY2QLPxdVO4cpaa"}
1:{"id":"PERP_1783684933301020796","token":"BTC","perpType":"LONG","market":"BTC-PERP","initialUsdMargin":500.225,"usdcAmount":500.225,"leverage":10,"initialLeverage":10,"markPrice":64435.5,"entryPrice":64435.5,"btcAmount":0.077597,"pnl":0,"positionValue":500.225,"usedQuantity":0,"fundingRate":0,"fundingAccrued":0,"lastFundingAt":"2026-07-10T12:02:13.301188908Z","liquidationMargin":125.05625,"isLiquidated":false,"isClosed":false,"userWallet":"0xc5A9a6570e8B8B584EEdaa614F33259911E9Ad34","wallet_type":"temporal","created_at":"2026
REQ POST https://arb1.arbitrum.io/rpc body={"jsonrpc":"2.0","id":108,"method":"eth_blockNumber"}
REQ POST https://arb1.arbitrum.io/rpc body={"jsonrpc":"2.0","id":109,"method":"eth_blockNumber"}
REQ POST https://arb1.arbitrum.io/rpc body={"jsonrpc":"2.0","id":110,"method":"eth_blockNumber"}
REQ POST https://arb1.arbitrum.io/rpc body={"jsonrpc":"2.0","id":111,"method":"eth_blockNumber"}
REQ POST https://arb1.arbitrum.io/rpc body={"jsonrpc":"2.0","id":112,"method":"eth_blockNumber"}
REQ POST https://arb1.arbitrum.io/rpc body={"jsonrpc":"2.0","id":113,"method":"eth_blockNumber"}
REQ POST https://arb1.arbitrum.io/rpc body={"jsonrpc":"2.0","id":114,"method":"eth_blockNumber"}
REQ POST https://arb1.arbitrum.io/rpc body={"jsonrpc":"2.0","id":115,"method":"eth_blockNumber"}
REQ POST https://arb1.arbitrum.io/rpc body={"jsonrpc":"2.0","id":116,"method":"eth_blockNumber"}
REQ POST https://arb1.arbitrum.io/rpc body={"jsonrpc":"2.0","id":117,"method":"eth_blockNumber"}
REQ POST https://arb1.arbitrum.io/rpc body={"jsonrpc":"2.0","id":118,"method":"eth_blockNumber"}
REQ POST https://arb1.arbitrum.io/rpc body={"jsonrpc":"2.0","id":119,"method":"eth_blockNumber"}
REQ POST https://arb1.arbitrum.io/rpc body={"jsonrpc":"2.0","id":120,"method":"eth_blockNumber"}
REQ POST https://arb1.arbitrum.io/rpc body={"jsonrpc":"2.0","id":121,"method":"eth_blockNumber"}
REQ POST https://arb1.arbitrum.io/rpc body={"jsonrpc":"2.0","id":122,"method":"eth_blockNumber"}
REQ POST https://arb1.arbitrum.io/rpc body={"jsonrpc":"2.0","id":123,"method":"eth_blockNumber"}
REQ POST https://arb1.arbitrum.io/rpc body={"jsonrpc":"2.0","id":124,"method":"eth_blockNumber"}
REQ POST https://arb1.arbitrum.io/rpc body={"jsonrpc":"2.0","id":125,"method":"eth_blockNumber"}
REQ POST https://arb1.arbitrum.io/rpc body={"jsonrpc":"2.0","id":126,"method":"eth_blockNumber"}
REQ POST https://app-staging.temporal.exchange/ body=[{"token":"BTC","perpType":"SHORT","market":"BTC-PERP","usdcAmount":500.225,"leverage":10,"markPrice":64435.5,"btcAmount":0.077597,"autoProtect":true,"userWallet":"0xc5A9a6570e8B8B584EEdaa614F33259911E9Ad34","wallet_type":"temporal"}]
REQ POST https://arb1.arbitrum.io/rpc body={"jsonrpc":"2.0","id":127,"method":"eth_blockNumber"}
REQ POST https://arb1.arbitrum.io/rpc body={"jsonrpc":"2.0","id":128,"method":"eth_blockNumber"}
REQ POST https://arb1.arbitrum.io/rpc body={"jsonrpc":"2.0","id":129,"method":"eth_blockNumber"}
REQ POST https://arb1.arbitrum.io/rpc body={"jsonrpc":"2.0","id":130,"method":"eth_blockNumber"}
REQ POST https://arb1.arbitrum.io/rpc body={"jsonrpc":"2.0","id":131,"method":"eth_blockNumber"}
REQ POST https://arb1.arbitrum.io/rpc body={"jsonrpc":"2.0","id":132,"method":"eth_blockNumber"}
REQ POST https://arb1.arbitrum.io/rpc body={"jsonrpc":"2.0","id":133,"method":"eth_blockNumber"}
REQ POST https://arb1.arbitrum.io/rpc body={"jsonrpc":"2.0","id":134,"method":"eth_blockNumber"}
REQ POST https://arb1.arbitrum.io/rpc body={"jsonrpc":"2.0","id":135,"method":"eth_blockNumber"}
REQ POST https://arb1.arbitrum.io/rpc body={"jsonrpc":"2.0","id":136,"method":"eth_blockNumber"}
REQ POST https://arb1.arbitrum.io/rpc body={"jsonrpc":"2.0","id":137,"method":"eth_blockNumber"}
REQ POST https://arb1.arbitrum.io/rpc body={"jsonrpc":"2.0","id":138,"method":"eth_blockNumber"}
REQ POST https://arb1.arbitrum.io/rpc body={"jsonrpc":"2.0","id":139,"method":"eth_blockNumber"}
RESP 200 https://app-staging.temporal.exchange/ body=0:{"a":"$@1","f":"","q":"","i":false,"b":"QqfdfqfY2QLPxdVO4cpaa"}
1:{"id":"PERP_1783684950650280749","token":"BTC","perpType":"SHORT","market":"BTC-PERP","initialUsdMargin":500.225,"usdcAmount":500.225,"leverage":10,"initialLeverage":10,"markPrice":64435.5,"entryPrice":64435.5,"btcAmount":0.077597,"pnl":0,"positionValue":500.225,"usedQuantity":0,"fundingRate":0,"fundingAccrued":0,"lastFundingAt":"2026-07-10T12:02:30.650407068Z","liquidationMargin":125.05625,"isLiquidated":false,"isClosed":false,"userWallet":"0xc5A9a6570e8B8B584EEdaa614F33259911E9Ad34","wallet_type":"temporal","created_at":"202
REQ POST https://arb1.arbitrum.io/rpc body={"jsonrpc":"2.0","id":140,"method":"eth_blockNumber"}
REQ POST https://arb1.arbitrum.io/rpc body={"jsonrpc":"2.0","id":141,"method":"eth_blockNumber"}
REQ POST https://arb1.arbitrum.io/rpc body={"jsonrpc":"2.0","id":142,"method":"eth_blockNumber"}
REQ POST https://arb1.arbitrum.io/rpc body={"jsonrpc":"2.0","id":143,"method":"eth_blockNumber"}
REQ POST https://arb1.arbitrum.io/rpc body={"jsonrpc":"2.0","id":144,"method":"eth_blockNumber"}
REQ POST https://arb1.arbitrum.io/rpc body={"jsonrpc":"2.0","id":145,"method":"eth_blockNumber"}
REQ POST https://arb1.arbitrum.io/rpc body={"jsonrpc":"2.0","id":146,"method":"eth_blockNumber"}
REQ POST https://arb1.arbitrum.io/rpc body={"jsonrpc":"2.0","id":147,"method":"eth_blockNumber"}
REQ POST https://arb1.arbitrum.io/rpc body={"jsonrpc":"2.0","id":148,"method":"eth_blockNumber"}
REQ POST https://arb1.arbitrum.io/rpc body={"jsonrpc":"2.0","id":149,"method":"eth_blockNumber"}
REQ POST https://app-staging.temporal.exchange/portfolio body=[{"wallet":"0xc5A9a6570e8B8B584EEdaa614F33259911E9Ad34","interval":"hour","section":"all","limit":60}]
RESP 200 https://app-staging.temporal.exchange/portfolio body=