REQ POST https://api.hyperliquid.xyz/info body={"type":"candleSnapshot","req":{"coin":"BTC","interval":"1d","startTime":1697288442832,"endTime":1783688442832}}
REQ POST https://arb1.arbitrum.io/rpc body={"jsonrpc":"2.0","id":0,"method":"eth_blockNumber"}
REQ POST https://app-staging.temporal.exchange/ body=[]
REQ POST https://app-staging.temporal.exchange/ body=[]
RESP 200 POST https://app-staging.temporal.exchange/ body=0:{"a":"$@1","f":"","q":"","i":false,"b":"QqfdfqfY2QLPxdVO4cpaa"}
1:true

REQ POST https://mm-sdk-analytics.api.cx.metamask.io/v1/events body=[{"name":"sdk_initialized","sdk_version":"0.33.1","dapp_id":"app-staging.temporal.exchange","anon_id":"31e2b93d-3c82-4b60-ad7b-361b0e3d8cc1","platform":"web-desktop","integration_type":"wagmi"}]
RESP 200 POST https://arb1.arbitrum.io/rpc body={"jsonrpc":"2.0","id":0,"result":"0x1cc0ae73"}

REQ POST https://app-staging.temporal.exchange/ body=[]
RESP 200 POST https://app-staging.temporal.exchange/ body=
RESP 200 POST https://mm-sdk-analytics.api.cx.metamask.io/v1/events body={"message":"ok"}
REQ POST https://app-staging.temporal.exchange/ body=[]
RESP 200 POST https://app-staging.temporal.exchange/ body=0:{"a":"$@1","f":"","q":"","i":false,"b":"QqfdfqfY2QLPxdVO4cpaa"}
1:{"success":true,"data":{"fee_btc":0,"fee_dollar":0,"lp_leverage":3,"margin_btc":0.003076923076923077,"margin_dollar":200,"net_residual_value_btc":0,"net_residual_value_dollar":0,"notional_deposit_btc":0.009512,"notional_deposit_dollar":600,"notional_nav_btc":0.009512,"notional_nav_dollar":600,"pnl_btc":0,"pnl_dollar":0,"price_effect_btc":0,"price_effect_dollar":0}}

REQ POST https://app-staging.temporal.exchange/ body=["0xc5a9a6570e8b8b584eedaa614f33259911e9ad34"]
RESP 200 GET https://app-staging.temporal.exchange/portfolio?_rsc=1r34m body=0:{"f":[[["",{"children":["portfolio",{"children":["__PAGE__",{}]}]},"$undefined","$undefined",16],null,[null,null],true]],"q":"","i":false,"S":false,"h":null,"b":"QqfdfqfY2QLPxdVO4cpaa"}

RESP 200 POST https://app-staging.temporal.exchange/ body=0:{"a":"$@1","f":"","q":"","i":false,"b":"QqfdfqfY2QLPxdVO4cpaa"}
1:true

REQ POST https://app-staging.temporal.exchange/ body=["0xc5A9a6570e8B8B584EEdaa614F33259911E9Ad34"]
RESP 200 GET https://app-staging.temporal.exchange/portfolio?_rsc=p37cr body=
RESP 200 POST https://app-staging.temporal.exchange/ body=
RESP 200 POST https://api.hyperliquid.xyz/info body=[{"t":1697241600000,"T":1697327999999,"s":"BTC","i":"1d","o":"26861.0","c":"26850.0","h":"26980.0","l":"26782.0","v":"50.50582","n":2233},{"t":1697328000000,"T":1697414399999,"s":"BTC","i":"1d","o":"26853.0","c":"27163.0","h":"27297.0","l":"26798.0","v":"60.82306","n":2361},{"t":1697414400000,"T":1697500799999,"s":"BTC","i":"1d","o":"27154.0","c":"28503.0","h":"30647.0","l":"27111.0","v":"388.71681","n":4015},{"t":1697500800000,"T":1697587199999,"s":"BTC","i":"1d","o":"28504.0","c":"28403.0","h":"28612.0","l":"28079.0","v":"81.60084","n":2286},{"t":1697587200000,"T":1697673599999,"s":"BTC","i":"1d","o":"28394.0","c":"28308.0","h":"29000.0","l":"28146.0","v":"128.28201","n":2361},{"t":1697673
REQ POST https://arb1.arbitrum.io/rpc body={"jsonrpc":"2.0","id":50,"method":"eth_blockNumber"}
REQ POST https://arb1.arbitrum.io/rpc body={"jsonrpc":"2.0","id":51,"method":"eth_call","params":[{"to":"0xca11bde05977b3631167028862be2a173976ca11","data":"0x82ad56cb000000000000000000000000000000000000000000000000000000000000002000000000000000000000000000000000000000000000000000000000000000010000000000000000000000000000000000000000000000000000000000000020000000000000000000000000af88d065e77c8cc2239327c5edb3a432268e583100000000000000000000000000000000000000000000000000000000000000010000000000000000000000000000000000000000000000000000000000000060000000000000000000000000000000000000000000000000000000000000002470a08231000000000000000000000000c5a9a6570e8b8b584eedaa614f33259911e9ad3400000000000000000000000000000000000000000000000000000000"},"latest"]}
RESP 200 POST https://arb1.arbitrum.io/rpc body={"jsonrpc":"2.0","id":50,"result":"0x1cc0aea4"}

RESP 200 POST https://arb1.arbitrum.io/rpc body={"jsonrpc":"2.0","id":51,"result":"0x0000000000000000000000000000000000000000000000000000000000000020000000000000000000000000000000000000000000000000000000000000000100000000000000000000000000000000000000000000000000000000000000200000000000000000000000000000000000000000000000000000000000000001000000000000000000000000000000000000000000000000000000000000004000000000000000000000000000000000000000000000000000000000000000200000000000000000000000000000000000000000000000000000000000000000"}

REQ POST https://arb1.arbitrum.io/rpc body={"jsonrpc":"2.0","id":54,"method":"eth_blockNumber"}
RESP 200 POST https://arb1.arbitrum.io/rpc body={"jsonrpc":"2.0","id":54,"result":"0x1cc0aea5"}

RESP 200 POST https://app-staging.temporal.exchange/ body=0:{"a":"$@1","f":"","q":"","i":false,"b":"QqfdfqfY2QLPxdVO4cpaa"}
1:{"long":0.077597,"short":0.077597}

REQ POST https://arb1.arbitrum.io/rpc body={"jsonrpc":"2.0","id":56,"method":"eth_blockNumber"}
RESP 200 POST https://arb1.arbitrum.io/rpc body={"jsonrpc":"2.0","id":56,"result":"0x1cc0aeaa"}

REQ POST https://arb1.arbitrum.io/rpc body={"jsonrpc":"2.0","id":57,"method":"eth_blockNumber"}
RESP 200 POST https://arb1.arbitrum.io/rpc body={"jsonrpc":"2.0","id":57,"result":"0x1cc0aead"}

REQ POST https://arb1.arbitrum.io/rpc body={"jsonrpc":"2.0","id":58,"method":"eth_blockNumber"}
RESP 200 POST https://arb1.arbitrum.io/rpc body={"jsonrpc":"2.0","id":58,"result":"0x1cc0aeae"}

REQ POST https://arb1.arbitrum.io/rpc body={"jsonrpc":"2.0","id":59,"method":"eth_blockNumber"}
RESP 200 POST https://arb1.arbitrum.io/rpc body={"jsonrpc":"2.0","id":59,"result":"0x1cc0aeb1"}

REQ POST https://arb1.arbitrum.io/rpc body={"jsonrpc":"2.0","id":60,"method":"eth_blockNumber"}
RESP 200 POST https://arb1.arbitrum.io/rpc body={"jsonrpc":"2.0","id":60,"result":"0x1cc0aeb2"}

REQ POST https://arb1.arbitrum.io/rpc body={"jsonrpc":"2.0","id":61,"method":"eth_blockNumber"}
RESP 200 POST https://arb1.arbitrum.io/rpc body={"jsonrpc":"2.0","id":61,"result":"0x1cc0aeb5"}

REQ POST https://arb1.arbitrum.io/rpc body={"jsonrpc":"2.0","id":62,"method":"eth_blockNumber"}
RESP 200 POST https://arb1.arbitrum.io/rpc body={"jsonrpc":"2.0","id":62,"result":"0x1cc0aeb7"}

REQ POST https://arb1.arbitrum.io/rpc body={"jsonrpc":"2.0","id":63,"method":"eth_blockNumber"}
RESP 200 POST https://arb1.arbitrum.io/rpc body={"jsonrpc":"2.0","id":63,"result":"0x1cc0aebb"}

REQ POST https://arb1.arbitrum.io/rpc body={"jsonrpc":"2.0","id":64,"method":"eth_blockNumber"}
RESP 200 POST https://arb1.arbitrum.io/rpc body={"jsonrpc":"2.0","id":64,"result":"0x1cc0aebd"}

REQ POST https://arb1.arbitrum.io/rpc body={"jsonrpc":"2.0","id":65,"method":"eth_blockNumber"}
RESP 200 POST https://arb1.arbitrum.io/rpc body={"jsonrpc":"2.0","id":65,"result":"0x1cc0aebe"}

REQ POST https://arb1.arbitrum.io/rpc body={"jsonrpc":"2.0","id":66,"method":"eth_blockNumber"}
RESP 200 POST https://arb1.arbitrum.io/rpc body={"jsonrpc":"2.0","id":66,"result":"0x1cc0aec1"}

REQ POST https://arb1.arbitrum.io/rpc body={"jsonrpc":"2.0","id":67,"method":"eth_blockNumber"}
RESP 200 POST https://arb1.arbitrum.io/rpc body={"jsonrpc":"2.0","id":67,"result":"0x1cc0aec2"}

REQ POST https://arb1.arbitrum.io/rpc body={"jsonrpc":"2.0","id":68,"method":"eth_blockNumber"}
RESP 200 POST https://arb1.arbitrum.io/rpc body={"jsonrpc":"2.0","id":68,"result":"0x1cc0aec7"}

REQ POST https://arb1.arbitrum.io/rpc body={"jsonrpc":"2.0","id":69,"method":"eth_blockNumber"}
RESP 200 POST https://arb1.arbitrum.io/rpc body={"jsonrpc":"2.0","id":69,"result":"0x1cc0aec9"}

REQ POST https://arb1.arbitrum.io/rpc body={"jsonrpc":"2.0","id":70,"method":"eth_blockNumber"}
RESP 200 POST https://arb1.arbitrum.io/rpc body={"jsonrpc":"2.0","id":70,"result":"0x1cc0aeca"}

REQ POST https://arb1.arbitrum.io/rpc body={"jsonrpc":"2.0","id":71,"method":"eth_blockNumber"}
RESP 200 POST https://arb1.arbitrum.io/rpc body={"jsonrpc":"2.0","id":71,"result":"0x1cc0aecc"}

REQ POST https://arb1.arbitrum.io/rpc body={"jsonrpc":"2.0","id":72,"method":"eth_blockNumber"}
RESP 200 POST https://arb1.arbitrum.io/rpc body={"jsonrpc":"2.0","id":72,"result":"0x1cc0aed1"}

REQ POST https://arb1.arbitrum.io/rpc body={"jsonrpc":"2.0","id":73,"method":"eth_blockNumber"}
RESP 200 POST https://arb1.arbitrum.io/rpc body={"jsonrpc":"2.0","id":73,"result":"0x1cc0aed3"}

REQ POST https://arb1.arbitrum.io/rpc body={"jsonrpc":"2.0","id":74,"method":"eth_blockNumber"}
RESP 200 POST https://arb1.arbitrum.io/rpc body={"jsonrpc":"2.0","id":74,"result":"0x1cc0aed5"}

REQ POST https://arb1.arbitrum.io/rpc body={"jsonrpc":"2.0","id":75,"method":"eth_blockNumber"}
RESP 200 POST https://arb1.arbitrum.io/rpc body={"jsonrpc":"2.0","id":75,"result":"0x1cc0aed7"}

REQ POST https://arb1.arbitrum.io/rpc body={"jsonrpc":"2.0","id":76,"method":"eth_blockNumber"}
RESP 200 POST https://arb1.arbitrum.io/rpc body={"jsonrpc":"2.0","id":76,"result":"0x1cc0aed9"}

REQ POST https://arb1.arbitrum.io/rpc body={"jsonrpc":"2.0","id":77,"method":"eth_blockNumber"}
RESP 200 POST https://arb1.arbitrum.io/rpc body={"jsonrpc":"2.0","id":77,"result":"0x1cc0aedb"}

REQ POST https://arb1.arbitrum.io/rpc body={"jsonrpc":"2.0","id":78,"method":"eth_blockNumber"}
RESP 200 POST https://arb1.arbitrum.io/rpc body={"jsonrpc":"2.0","id":78,"result":"0x1cc0aedf"}

REQ POST https://arb1.arbitrum.io/rpc body={"jsonrpc":"2.0","id":79,"method":"eth_blockNumber"}
RESP 200 POST https://arb1.arbitrum.io/rpc body={"jsonrpc":"2.0","id":79,"result":"0x1cc0aee1"}

REQ POST https://arb1.arbitrum.io/rpc body={"jsonrpc":"2.0","id":80,"method":"eth_blockNumber"}
RESP 200 POST https://arb1.arbitrum.io/rpc body={"jsonrpc":"2.0","id":80,"result":"0x1cc0aee3"}

REQ POST https://arb1.arbitrum.io/rpc body={"jsonrpc":"2.0","id":81,"method":"eth_blockNumber"}
RESP 200 POST https://arb1.arbitrum.io/rpc body={"jsonrpc":"2.0","id":81,"result":"0x1cc0aee5"}

REQ POST https://arb1.arbitrum.io/rpc body={"jsonrpc":"2.0","id":82,"method":"eth_blockNumber"}
RESP 200 POST https://arb1.arbitrum.io/rpc body={"jsonrpc":"2.0","id":82,"result":"0x1cc0aee7"}

REQ POST https://arb1.arbitrum.io/rpc body={"jsonrpc":"2.0","id":83,"method":"eth_blockNumber"}
RESP 200 POST https://arb1.arbitrum.io/rpc body={"jsonrpc":"2.0","id":83,"result":"0x1cc0aee9"}

REQ POST https://arb1.arbitrum.io/rpc body={"jsonrpc":"2.0","id":84,"method":"eth_blockNumber"}
RESP 200 POST https://arb1.arbitrum.io/rpc body={"jsonrpc":"2.0","id":84,"result":"0x1cc0aeec"}

REQ POST https://arb1.arbitrum.io/rpc body={"jsonrpc":"2.0","id":85,"method":"eth_blockNumber"}
RESP 200 POST https://arb1.arbitrum.io/rpc body={"jsonrpc":"2.0","id":85,"result":"0x1cc0aeef"}

REQ POST https://arb1.arbitrum.io/rpc body={"jsonrpc":"2.0","id":86,"method":"eth_blockNumber"}
RESP 200 POST https://arb1.arbitrum.io/rpc body={"jsonrpc":"2.0","id":86,"result":"0x1cc0aef1"}

REQ POST https://arb1.arbitrum.io/rpc body={"jsonrpc":"2.0","id":87,"method":"eth_blockNumber"}
RESP 200 POST https://arb1.arbitrum.io/rpc body={"jsonrpc":"2.0","id":87,"result":"0x1cc0aef3"}

REQ POST https://arb1.arbitrum.io/rpc body={"jsonrpc":"2.0","id":88,"method":"eth_blockNumber"}
RESP 200 POST https://arb1.arbitrum.io/rpc body={"jsonrpc":"2.0","id":88,"result":"0x1cc0aef7"}

REQ POST https://arb1.arbitrum.io/rpc body={"jsonrpc":"2.0","id":89,"method":"eth_blockNumber"}
RESP 200 POST https://arb1.arbitrum.io/rpc body={"jsonrpc":"2.0","id":89,"result":"0x1cc0aef9"}

REQ POST https://arb1.arbitrum.io/rpc body={"jsonrpc":"2.0","id":90,"method":"eth_blockNumber"}
RESP 200 POST https://arb1.arbitrum.io/rpc body={"jsonrpc":"2.0","id":90,"result":"0x1cc0aefb"}

REQ POST https://arb1.arbitrum.io/rpc body={"jsonrpc":"2.0","id":91,"method":"eth_blockNumber"}
RESP 200 POST https://arb1.arbitrum.io/rpc body={"jsonrpc":"2.0","id":91,"result":"0x1cc0aefd"}

REQ POST https://arb1.arbitrum.io/rpc body={"jsonrpc":"2.0","id":92,"method":"eth_blockNumber"}
RESP 200 POST https://arb1.arbitrum.io/rpc body={"jsonrpc":"2.0","id":92,"result":"0x1cc0aeff"}

REQ POST https://arb1.arbitrum.io/rpc body={"jsonrpc":"2.0","id":93,"method":"eth_blockNumber"}
RESP 200 GET https://app-staging.temporal.exchange/api/stream/market-data body=
RESP 200 GET https://app-staging.temporal.exchange/portfolio body=<!DOCTYPE html><html lang="en"><head><meta charSet="utf-8"/><meta name="viewport" content="width=device-width, initial-scale=1"/><link rel="stylesheet" href="/_next/static/chunks/13u6~dowlosep.css" data-precedence="next"/><link rel="stylesheet" href="/_next/static/chunks/0tjps74qz1ab4.css" data-precedence="next"/><link rel="preload" as="script" fetchPriority="low" href="/_next/static/chunks/0_gaf3.9b5s_d.js"/><script src="/_next/static/chunks/0kjrpiszpkrb~.js" async=""></script><script src="/_next/static/chunks/14l~.r2kq13je.js" async=""></script><script src="/_next/static/chunks/turbopack-0pppuyy9lm7ve.js" async=""></script><script src="/_next/static/chunks/071r.s9nrtqsr.js" async=""></scri
REQ POST https://mm-sdk-analytics.api.cx.metamask.io/v1/events body=[{"name":"sdk_initialized","sdk_version":"0.33.1","dapp_id":"app-staging.temporal.exchange","anon_id":"31e2b93d-3c82-4b60-ad7b-361b0e3d8cc1","platform":"web-desktop","integration_type":"wagmi"},{"name":"sdk_initialized","sdk_version":"0.33.1","dapp_id":"app-staging.temporal.exchange","anon_id":"31e2b93d-3c82-4b60-ad7b-361b0e3d8cc1","platform":"web-desktop","integration_type":"wagmi"},{"name":"sdk_initialized","sdk_version":"0.33.1","dapp_id":"app-staging.temporal.exchange","anon_id":"31e2b93d-3c82-4b60-ad7b-361b0e3d8cc1","platform":"web-desktop","integration_type":"wagmi"},{"name":"sdk_initialized","sdk_version":"0.33.1","dapp_id":"app-staging.temporal.exchange","anon_id":"31e2b93d-3c82-4b60-ad7b-361b0e3d8cc1","platform":"web-desktop","integration_type":"wagmi"},{"name":"sdk_initialized","sdk_version":"0.33.1","dapp_id":"app-staging.temporal.exchange","anon_id":"31e2b93d-3c82-4b60-ad7b-361b0e3d8cc1","platform":"web-desktop","integration_type":"wagmi"},{"name":"sdk_initialized","sdk_version":"0.33.1","dapp_id":"app-staging.temporal.exchange","anon_id":"31e2b93d-3c82-4b60-ad7b-361b0e3d
RESP 200 POST https://mm-sdk-analytics.api.cx.metamask.io/v1/events body={"message":"ok"}
REQ POST https://mm-sdk-analytics.api.cx.metamask.io/v1/events body=[{"name":"sdk_initialized","sdk_version":"0.33.1","dapp_id":"app-staging.temporal.exchange","anon_id":"31e2b93d-3c82-4b60-ad7b-361b0e3d8cc1","platform":"web-desktop","integration_type":"wagmi"},{"name":"sdk_initialized","sdk_version":"0.33.1","dapp_id":"app-staging.temporal.exchange","anon_id":"31e2b93d-3c82-4b60-ad7b-361b0e3d8cc1","platform":"web-desktop","integration_type":"wagmi"},{"name":"sdk_initialized","sdk_version":"0.33.1","dapp_id":"app-staging.temporal.exchange","anon_id":"31e2b93d-3c82-4b60-ad7b-361b0e3d8cc1","platform":"web-desktop","integration_type":"wagmi"},{"name":"sdk_initialized","sdk_version":"0.33.1","dapp_id":"app-staging.temporal.exchange","anon_id":"31e2b93d-3c82-4b60-ad7b-361b0e3d8cc1","platform":"web-desktop","integration_type":"wagmi"},{"name":"sdk_initialized","sdk_version":"0.33.1","dapp_id":"app-staging.temporal.exchange","anon_id":"31e2b93d-3c82-4b60-ad7b-361b0e3d8cc1","platform":"web-desktop","integration_type":"wagmi"},{"name":"sdk_initialized","sdk_version":"0.33.1","dapp_id":"app-staging.temporal.exchange","anon_id":"31e2b93d-3c82-4b60-ad7b-361b0e3d
REQ POST https://app-staging.temporal.exchange/portfolio body=[{"wallet":"0xc5A9a6570e8B8B584EEdaa614F33259911E9Ad34","interval":"hour","section":"all","limit":60}]
RESP 200 POST https://mm-sdk-analytics.api.cx.metamask.io/v1/events body={"message":"ok"}
REQ POST https://mm-sdk-analytics.api.cx.metamask.io/v1/events body=[{"name":"sdk_initialized","sdk_version":"0.33.1","dapp_id":"app-staging.temporal.exchange","anon_id":"31e2b93d-3c82-4b60-ad7b-361b0e3d8cc1","platform":"web-desktop","integration_type":"wagmi"},{"name":"sdk_initialized","sdk_version":"0.33.1","dapp_id":"app-staging.temporal.exchange","anon_id":"31e2b93d-3c82-4b60-ad7b-361b0e3d8cc1","platform":"web-desktop","integration_type":"wagmi"},{"name":"sdk_initialized","sdk_version":"0.33.1","dapp_id":"app-staging.temporal.exchange","anon_id":"31e2b93d-3c82-4b60-ad7b-361b0e3d8cc1","platform":"web-desktop","integration_type":"wagmi"},{"name":"sdk_initialized","sdk_version":"0.33.1","dapp_id":"app-staging.temporal.exchange","anon_id":"31e2b93d-3c82-4b60-ad7b-361b0e3d8cc1","platform":"web-desktop","integration_type":"wagmi"},{"name":"sdk_initialized","sdk_version":"0.33.1","dapp_id":"app-staging.temporal.exchange","anon_id":"31e2b93d-3c82-4b60-ad7b-361b0e3d8cc1","platform":"web-desktop","integration_type":"wagmi"},{"name":"sdk_initialized","sdk_version":"0.33.1","dapp_id":"app-staging.temporal.exchange","anon_id":"31e2b93d-3c82-4b60-ad7b-361b0e3d
RESP 200 POST https://mm-sdk-analytics.api.cx.metamask.io/v1/events body={"message":"ok"}
RESP 200 POST https://app-staging.temporal.exchange/portfolio body=0:{"a":"$@1","f":"","q":"","i":false,"b":"QqfdfqfY2QLPxdVO4cpaa"}
1:{"interval":"hour","series":{"bands":[{"t":"2026-07-10T12:00:00Z","pnl_dollar":0,"pnl_btc":0},{"t":"2026-07-10T13:00:00Z","pnl_dollar":0,"pnl_btc":0}],"earn":[{"t":"2026-07-10T12:00:00Z","pnl_dollar":0,"pnl_btc":0},{"t":"2026-07-10T13:00:00Z","pnl_dollar":0,"pnl_btc":0}],"perps":[{"t":"2026-07-10T12:00:00Z","pnl_dollar":0,"pnl_btc":0},{"t":"2026-07-10T13:00:00Z","pnl_dollar":0,"pnl_btc":0}]},"wallet":"0xc5A9a6570e8B8B584EEdaa614F33259911E9Ad34"}

RESP 200 GET https://app-staging.temporal.exchange/portfolio?_rsc=1j5fp body=
RESP 200 GET https://app-staging.temporal.exchange/api/stream/market-data body=
RESP 200 GET https://app-staging.temporal.exchange/api/stream/user-data?wallet=0xc5A9a6570e8B8B584EEdaa614F33259911E9Ad34&token=BTC&txLimit=20&txOffset=0&perpLimit=20&perpOf body=
REQ POST https://api.hyperliquid.xyz/info body={"type":"candleSnapshot","req":{"coin":"BTC","interval":"1d","startTime":1697288491507,"endTime":1783688491507}}
REQ POST https://app-staging.temporal.exchange/ body=[]
REQ POST https://mm-sdk-analytics.api.cx.metamask.io/v1/events body=[{"name":"sdk_initialized","sdk_version":"0.33.1","dapp_id":"app-staging.temporal.exchange","anon_id":"31e2b93d-3c82-4b60-ad7b-361b0e3d8cc1","platform":"web-desktop","integration_type":"wagmi"}]
RESP 200 POST https://mm-sdk-analytics.api.cx.metamask.io/v1/events body={"message":"ok"}
REQ POST https://app-staging.temporal.exchange/ body=["0xc5a9a6570e8b8b584eedaa614f33259911e9ad34"]
RESP 200 GET https://app-staging.temporal.exchange/portfolio?_rsc=1r34m body=0:{"f":[[["",{"children":["portfolio",{"children":["__PAGE__",{}]}]},"$undefined","$undefined",16],null,[null,null],true]],"q":"","i":false,"S":false,"h":null,"b":"QqfdfqfY2QLPxdVO4cpaa"}

RESP 200 POST https://app-staging.temporal.exchange/ body=0:{"a":"$@1","f":"","q":"","i":false,"b":"QqfdfqfY2QLPxdVO4cpaa"}
1:true

RESP 200 GET https://app-staging.temporal.exchange/portfolio?_rsc=p37cr body=
REQ POST https://app-staging.temporal.exchange/ body=[]
RESP 200 POST https://app-staging.temporal.exchange/ body=0:{"a":"$@1","f":"","q":"","i":false,"b":"QqfdfqfY2QLPxdVO4cpaa"}
1:null

RESP 200 POST https://api.hyperliquid.xyz/info body=[{"t":1697241600000,"T":1697327999999,"s":"BTC","i":"1d","o":"26861.0","c":"26850.0","h":"26980.0","l":"26782.0","v":"50.50582","n":2233},{"t":1697328000000,"T":1697414399999,"s":"BTC","i":"1d","o":"26853.0","c":"27163.0","h":"27297.0","l":"26798.0","v":"60.82306","n":2361},{"t":1697414400000,"T":1697500799999,"s":"BTC","i":"1d","o":"27154.0","c":"28503.0","h":"30647.0","l":"27111.0","v":"388.71681","n":4015},{"t":1697500800000,"T":1697587199999,"s":"BTC","i":"1d","o":"28504.0","c":"28403.0","h":"28612.0","l":"28079.0","v":"81.60084","n":2286},{"t":1697587200000,"T":1697673599999,"s":"BTC","i":"1d","o":"28394.0","c":"28308.0","h":"29000.0","l":"28146.0","v":"128.28201","n":2361},{"t":1697673
REQ POST https://app-staging.temporal.exchange/ body=["0xc5A9a6570e8B8B584EEdaa614F33259911E9Ad34"]
RESP 200 POST https://app-staging.temporal.exchange/ body=0:{"a":"$@1","f":"","q":"","i":false,"b":"QqfdfqfY2QLPxdVO4cpaa"}
1:true

REQ POST https://app-staging.temporal.exchange/ body=[]
RESP 200 POST https://app-staging.temporal.exchange/ body=0:{"a":"$@1","f":"","q":"","i":false,"b":"QqfdfqfY2QLPxdVO4cpaa"}
1:{"long":0.077597,"short":0.077597}

REQ POST https://app-staging.temporal.exchange/ body=[]
RESP 200 POST https://app-staging.temporal.exchange/ body=0:{"a":"$@1","f":"","q":"","i":false,"b":"QqfdfqfY2QLPxdVO4cpaa"}
1:{"success":true,"data":{"fee_btc":0,"fee_dollar":0,"lp_leverage":3,"margin_btc":0.003076923076923077,"margin_dollar":200,"net_residual_value_btc":0,"net_residual_value_dollar":0,"notional_deposit_btc":0.009512,"notional_deposit_dollar":600,"notional_nav_btc":0.009512,"notional_nav_dollar":600,"pnl_btc":0,"pnl_dollar":0,"price_effect_btc":0,"price_effect_dollar":0}}

RESP 200 POST https://app-staging.temporal.exchange/ body=0:{"a":"$@1","f":"","q":"","i":false,"b":"QqfdfqfY2QLPxdVO4cpaa"}
1:true

RESP 200 GET https://app-staging.temporal.exchange/api/stream/market-data body=
RESP 200 GET https://app-staging.temporal.exchange/portfolio body=<!DOCTYPE html><html lang="en"><head><meta charSet="utf-8"/><meta name="viewport" content="width=device-width, initial-scale=1"/><link rel="stylesheet" href="/_next/static/chunks/13u6~dowlosep.css" data-precedence="next"/><link rel="stylesheet" href="/_next/static/chunks/0tjps74qz1ab4.css" data-precedence="next"/><link rel="preload" as="script" fetchPriority="low" href="/_next/static/chunks/0_gaf3.9b5s_d.js"/><script src="/_next/static/chunks/0kjrpiszpkrb~.js" async=""></script><script src="/_next/static/chunks/14l~.r2kq13je.js" async=""></script><script src="/_next/static/chunks/turbopack-0pppuyy9lm7ve.js" async=""></script><script src="/_next/static/chunks/071r.s9nrtqsr.js" async=""></scri
REQ POST https://app-staging.temporal.exchange/portfolio body=[{"wallet":"0xc5A9a6570e8B8B584EEdaa614F33259911E9Ad34","interval":"hour","section":"all","limit":60}]
REQ POST https://mm-sdk-analytics.api.cx.metamask.io/v1/events body=[{"name":"sdk_initialized","sdk_version":"0.33.1","dapp_id":"app-staging.temporal.exchange","anon_id":"31e2b93d-3c82-4b60-ad7b-361b0e3d8cc1","platform":"web-desktop","integration_type":"wagmi"}]
RESP 200 POST https://mm-sdk-analytics.api.cx.metamask.io/v1/events body={"message":"ok"}
RESP 200 POST https://app-staging.temporal.exchange/portfolio body=0:{"a":"$@1","f":"","q":"","i":false,"b":"QqfdfqfY2QLPxdVO4cpaa"}
1:{"interval":"hour","series":{"bands":[{"t":"2026-07-10T12:00:00Z","pnl_dollar":0,"pnl_btc":0},{"t":"2026-07-10T13:00:00Z","pnl_dollar":0,"pnl_btc":0}],"earn":[{"t":"2026-07-10T12:00:00Z","pnl_dollar":0,"pnl_btc":0},{"t":"2026-07-10T13:00:00Z","pnl_dollar":0,"pnl_btc":0}],"perps":[{"t":"2026-07-10T12:00:00Z","pnl_dollar":0,"pnl_btc":0},{"t":"2026-07-10T13:00:00Z","pnl_dollar":0,"pnl_btc":0}]},"wallet":"0xc5A9a6570e8B8B584EEdaa614F33259911E9Ad34"}

RESP 200 GET https://app-staging.temporal.exchange/portfolio?_rsc=1j5fp body=1:"$Sreact.fragment"
2:I[897367,["/_next/static/chunks/071r.s9nrtqsr.js","/_next/static/chunks/0hho8j0g4z50w.js","/_next/static/chunks/0i.l9589uvx0j.js","/_next/static/chunks/0~-ueaxiija~0.js"],"ViewportBoundary"]
4:I[897367,["/_next/static/chunks/071r.s9nrtqsr.js","/_next/static/chunks/0hho8j0g4z50w.js","/_next/static/chunks/0i.l9589uvx0j.js","/_next/static/chunks/0~-ueaxiija~0.js"],"MetadataBoundary"]
5:"$Sreact.suspense"
0:{"f":[[["",{"children":["portfolio",{"children":["__PAGE__",{}]}]},"$undefined","$undefined",16],null,["$","$1","h",{"children":[null,["$","$L2","f_nU2r7EyViwj0RP42PnBv",{"children":"$L3"}],["$","div","f_nU2r7EyViwj0RP42PnBm",{"hidden":true,"children":["$","$L4",null,{"