200 GET https://app-staging.temporal.exchange/
200 GET https://app-staging.temporal.exchange/_next/static/media/1ccf8ef962b3f693-s.p.057aej8p_z_92.woff2
200 GET https://app-staging.temporal.exchange/_next/static/media/374a88ea0960b3d4-s.p.0sa4vsdykrttm.woff2
200 GET https://app-staging.temporal.exchange/_next/static/media/99e609270109b47d-s.p.16-z~2sp29ex6.woff2
200 GET https://app-staging.temporal.exchange/_next/static/media/23b7a97ae3b5c134-s.p.0o14nraug8u5s.woff2
200 GET https://app-staging.temporal.exchange/_next/static/chunks/0tjps74qz1ab4.css
200 GET https://app-staging.temporal.exchange/_next/static/chunks/13u6~dowlosep.css
200 GET https://app-staging.temporal.exchange/_next/static/media/dc0c65e819e3bb6c-s.p.0fsjs_bs5qvt7.woff2
200 GET https://app-staging.temporal.exchange/_next/static/media/a7e15459c1805da0-s.p.15mmg7gamto4l.woff2
200 GET https://app-staging.temporal.exchange/_next/static/media/effe91970fc4db64-s.p.07ig5l8azj~hy.woff2
200 GET https://app-staging.temporal.exchange/_next/static/media/e9d5b069f63ab620-s.p.17tf8b5td.v-i.woff2
200 GET https://app-staging.temporal.exchange/_next/static/media/638f182e7ded7477-s.p.0ma09l0txl3bt.woff2
200 GET https://app-staging.temporal.exchange/TemporalLogoSmall.svg
200 GET https://app-staging.temporal.exchange/_next/static/chunks/turbopack-0pppuyy9lm7ve.js
200 GET https://app-staging.temporal.exchange/_next/static/chunks/0hho8j0g4z50w.js
200 GET https://app-staging.temporal.exchange/_next/static/chunks/0~-ueaxiija~0.js
200 GET https://app-staging.temporal.exchange/_next/static/chunks/0qj96~inasvxo.js
200 GET https://app-staging.temporal.exchange/_next/static/chunks/0kjrpiszpkrb~.js
200 GET https://app-staging.temporal.exchange/logo_hyperliquid_small.svg
200 GET https://app-staging.temporal.exchange/_next/static/chunks/0xlat3xgx-5zg.js
200 GET https://app-staging.temporal.exchange/_next/static/chunks/0_gaf3.9b5s_d.js
200 GET https://app-staging.temporal.exchange/_next/static/chunks/071r.s9nrtqsr.js
200 GET https://app-staging.temporal.exchange/_next/static/chunks/0i.l9589uvx0j.js
200 GET https://app-staging.temporal.exchange/_next/static/chunks/0zfs3tmw3jeli.js
200 GET https://app-staging.temporal.exchange/background_physics.webp
200 GET https://app-staging.temporal.exchange/_next/static/chunks/16-dh07a9-sf0.js
200 GET https://app-staging.temporal.exchange/_next/static/chunks/08r8wo9lhc.hf.js
200 GET https://app-staging.temporal.exchange/_next/static/chunks/14l~.r2kq13je.js
200 GET https://app-staging.temporal.exchange/_next/static/chunks/09~914bnawpf5.js
200 GET https://app-staging.temporal.exchange/_next/static/chunks/03~eaxo_t12tf.js
200 GET https://app-staging.temporal.exchange/portfolio?_rsc=1r34m
200 GET https://app-staging.temporal.exchange/api/stream/market-data
200 GET https://app-staging.temporal.exchange/?_rsc=p37cr
200 POST https://app-staging.temporal.exchange/
200 GET https://app-staging.temporal.exchange/portfolio?_rsc=p37cr
200 POST https://app-staging.temporal.exchange/
200 POST https://arb1.arbitrum.io/rpc
200 POST https://app-staging.temporal.exchange/
200 POST https://api.hyperliquid.xyz/info
200 POST https://app-staging.temporal.exchange/
200 POST https://arb1.arbitrum.io/rpc
200 POST https://arb1.arbitrum.io/rpc
200 POST https://arb1.arbitrum.io/rpc
200 POST https://arb1.arbitrum.io/rpc
200 POST https://arb1.arbitrum.io/rpc
200 POST https://arb1.arbitrum.io/rpc
200 POST https://arb1.arbitrum.io/rpc
200 POST https://arb1.arbitrum.io/rpc
200 POST https://arb1.arbitrum.io/rpc
200 POST https://arb1.arbitrum.io/rpc
200 POST https://arb1.arbitrum.io/rpc
200 POST https://arb1.arbitrum.io/rpc
200 POST https://arb1.arbitrum.io/rpc
200 POST https://arb1.arbitrum.io/rpc
200 POST https://arb1.arbitrum.io/rpc
200 POST https://arb1.arbitrum.io/rpc
200 POST https://arb1.arbitrum.io/rpc
200 POST https://arb1.arbitrum.io/rpc
200 POST https://arb1.arbitrum.io/rpc
200 POST https://arb1.arbitrum.io/rpc
200 POST https://arb1.arbitrum.io/rpc
200 POST https://arb1.arbitrum.io/rpc
200 POST https://arb1.arbitrum.io/rpc
200 POST https://arb1.arbitrum.io/rpc
200 POST https://arb1.arbitrum.io/rpc
200 POST https://arb1.arbitrum.io/rpc
200 POST https://arb1.arbitrum.io/rpc
200 POST https://arb1.arbitrum.io/rpc
200 POST https://arb1.arbitrum.io/rpc
200 POST https://arb1.arbitrum.io/rpc
200 POST https://arb1.arbitrum.io/rpc
200 POST https://arb1.arbitrum.io/rpc
200 POST https://arb1.arbitrum.io/rpc
200 POST https://arb1.arbitrum.io/rpc
200 POST https://arb1.arbitrum.io/rpc
200 POST https://arb1.arbitrum.io/rpc
200 POST https://arb1.arbitrum.io/rpc
200 POST https://arb1.arbitrum.io/rpc
200 POST https://arb1.arbitrum.io/rpc
200 POST https://arb1.arbitrum.io/rpc
200 POST https://arb1.arbitrum.io/rpc