[warning] MaxListenersExceededWarning: Possible EventEmitter memory leak detected. 11 close listeners added. Use emitter.setMaxListeners() to increase limit
[warning] MaxListenersExceededWarning: Possible EventEmitter memory leak detected. 11 end listeners added. Use emitter.setMaxListeners() to increase limit
[log] [WebSocket] Subscribing to allMids for coin: BTC
[log] [Loading] Starting load for resolution: 1d
[log] [REST Fallback] Fetching candles: coin=BTC, interval=1d, startTime=2023-10-14T16:28:41.983Z, endTime=2026-07-10T16:28:41.983Z
[warning] ObjectMultiplex - orphaned data for stream "app-init-liveness"
[warning] ObjectMultiplex - orphaned data for stream "app-init-liveness"
[warning] ObjectMultiplex - orphaned data for stream "background-liveness"
[warning] ObjectMultiplex - orphaned data for stream "background-liveness"
[log] Graph data WebSocket connected
[log] [REST Fallback] Received 1001 candles
[log] [WebSocket] Subscribing to candles: coin=BTC, interval=1d
[log] Hyperliquid candle WebSocket connected
[log] Hyperliquid mid price WebSocket connected
[warning] Received incomplete market_data (missing AMM trees). Waiting for complete data...
[log] Available quantities: {long: 0, short: 0}
[error] Timeout: Did not receive complete AMM tree data after 10 seconds.
[warning] MaxListenersExceededWarning: Possible EventEmitter memory leak detected. 11 close listeners added. Use emitter.setMaxListeners() to increase limit
[warning] MaxListenersExceededWarning: Possible EventEmitter memory leak detected. 11 end listeners added. Use emitter.setMaxListeners() to increase limit
[warning] ObjectMultiplex - orphaned data for stream "app-init-liveness"
[warning] ObjectMultiplex - orphaned data for stream "app-init-liveness"
[warning] ObjectMultiplex - orphaned data for stream "background-liveness"
[warning] ObjectMultiplex - orphaned data for stream "background-liveness"
[warning] MaxListenersExceededWarning: Possible EventEmitter memory leak detected. 101 connect listeners added. Use emitter.setMaxListeners() to increase limit
    at u (chrome-extension://gadekpdjmpjjnnemgnhkbjgnjpdaakgh/scripts/inpage.js:19:44847)
    at o.addListener (chrome-extension://gadekpdjmpjjnnemgnhkbjgnjpdaakgh/scripts/inpage.js:19:47399)
    at Proxy.on (chrome-extension://gadekpdjmpjjnnemgnhkbjgnjpdaakgh/scripts/inpage.js:7:76238)
    at Object.setup (https://app-staging.temporal.exchange/_next/static/chunks/0~-ueaxiija~0.js:1:23784)
[warning] MaxListenersExceededWarning: Possible EventEmitter memory leak detected. 101 accountsChanged listeners added. Use emitter.setMaxListeners() to increase limit
    at u (chrome-extension://gadekpdjmpjjnnemgnhkbjgnjpdaakgh/scripts/inpage.js:19:44847)
    at o.addListener (chrome-extension://gadekpdjmpjjnnemgnhkbjgnjpdaakgh/scripts/inpage.js:19:47399)
    at Proxy.on (chrome-extension://gadekpdjmpjjnnemgnhkbjgnjpdaakgh/scripts/inpage.js:7:76238)
    at Object.setup (https://app-staging.temporal.exchange/_next/static/chunks/0~-ueaxiija~0.js:1:23843)
[log] [WebSocket] Subscribing to allMids for coin: BTC
[log] Graph data WebSocket connected
[log] User portfolio WebSocket connected
[log] Hyperliquid mid price WebSocket connected
[warning] Received incomplete market_data (missing AMM trees). Waiting for complete data...
[warning] MaxListenersExceededWarning: Possible EventEmitter memory leak detected. 11 close listeners added. Use emitter.setMaxListeners() to increase limit
[warning] MaxListenersExceededWarning: Possible EventEmitter memory leak detected. 11 end listeners added. Use emitter.setMaxListeners() to increase limit
[warning] ObjectMultiplex - orphaned data for stream "app-init-liveness"
[warning] ObjectMultiplex - orphaned data for stream "app-init-liveness"
[warning] ObjectMultiplex - orphaned data for stream "background-liveness"
[warning] ObjectMultiplex - orphaned data for stream "background-liveness"
[log] [WebSocket] Subscribing to allMids for coin: BTC
[log] Graph data WebSocket connected
[log] User portfolio WebSocket connected
[log] Hyperliquid mid price WebSocket connected
[warning] Received incomplete market_data (missing AMM trees). Waiting for complete data...
[warning] MaxListenersExceededWarning: Possible EventEmitter memory leak detected. 11 close listeners added. Use emitter.setMaxListeners() to increase limit
[warning] MaxListenersExceededWarning: Possible EventEmitter memory leak detected. 11 end listeners added. Use emitter.setMaxListeners() to increase limit
[warning] ObjectMultiplex - orphaned data for stream "app-init-liveness"
[warning] ObjectMultiplex - orphaned data for stream "app-init-liveness"
[warning] ObjectMultiplex - orphaned data for stream "background-liveness"
[warning] ObjectMultiplex - orphaned data for stream "background-liveness"
[log] [WebSocket] Subscribing to allMids for coin: BTC
[log] Graph data WebSocket connected
[log] User portfolio WebSocket connected
[log] Hyperliquid mid price WebSocket connected